2026-05-03 09:52:02, MOVE, v:1, k:ed@multiset, mode:PICK
2026-05-03 09:52:04, EXEC, v:1, k:ed@multiset, mode:FULL, rate:50
2026-05-03 09:56:59, MOVE, v:1, k:ed@multiset, mode:EDIT
2026-05-03 10:01:48, EXEC, v:1, k:ed@multiset, mode:FULL, rate:66, size:171
2026-05-03 10:01:45, MOVE, v:1, k:ed@multiset, mode:EDIT
2026-05-03 10:06:57, MOVE, v:1, k:ed@multiset, mode:EDIT
2026-05-03 10:11:11, EXEC, v:1, k:ed@multiset, mode:FULL, rate:66, size:183
2026-05-03 10:11:40, EXEC, v:1, k:ed@multiset, mode:FULL, rate:83, size:183
2026-05-03 10:11:39, MOVE, v:1, k:ed@multiset, mode:EDIT
2026-05-03 10:16:14, EXEC, v:1, k:ed@multiset, mode:FULL, rate:83, size:188
2026-05-03 10:16:12, MOVE, v:1, k:ed@multiset, mode:EDIT
2026-05-03 10:20:19, EXEC, v:1, k:ed@multiset, mode:FULL, rate:83, size:188
2026-05-03 10:21:58, MOVE, v:1, k:ed@multiset, mode:EDIT
2026-05-03 10:23:11, EXEC, v:1, k:ed@multiset, mode:FULL, rate:83, size:188
2026-05-03 10:23:04, MOVE, v:1, k:ed@multiset, mode:EDIT
2026-05-03 10:29:27, EXEC, v:1, k:ed@multiset, mode:FULL, rate:100, size:191
2026-05-03 10:30:18, MOVE, v:1, k:ed@multiset, mode:BACK
2026-05-03 10:30:37, SELF, v:1, k:ed@multiset, self:1, rate:100
2026-05-03 10:31:19, SELF, v:1, k:ed@fractais_png, self:1, rate:100, concept:1
2026-05-03 10:29:25, MOVE, v:1, k:ed@multiset, mode:EDIT
2026-05-03 10:32:48, MOVE, v:1, k:ed@lista_d1, mode:DOWN
2026-05-03 10:32:51, MOVE, v:1, k:ed@lista_d1, mode:PICK
2026-05-03 10:32:55, EXEC, v:1, k:ed@lista_d1, mode:FULL, rate:0, size:57
2026-05-03 10:32:48, MOVE, v:1, k:ed@lista_d1, mode:EDIT
2026-05-03 10:32:48, MOVE, v:1, k:ed@lista_d1, mode:EDIT
2026-05-03 10:32:48, MOVE, v:1, k:ed@lista_d1, mode:EDIT
2026-05-03 10:36:57, MOVE, v:1, k:ed@lista_d1, mode:EDIT
2026-05-03 10:42:00, MOVE, v:1, k:ed@lista_d1, mode:EDIT
2026-05-03 10:45:04, MOVE, v:1, k:ed@lista_d1, mode:EDIT
2026-05-03 10:49:55, EXEC, v:1, k:ed@lista_d1, mode:FULL, size:78, fail:COMP
2026-05-03 10:51:19, MOVE, v:1, k:ed@lista_d1, mode:EDIT
2026-05-03 10:56:59, MOVE, v:1, k:ed@lista_d1, mode:EDIT
2026-05-03 11:01:11, EXEC, v:1, k:ed@lista_d1, mode:FULL, rate:14, size:94
2026-05-03 11:02:00, MOVE, v:1, k:ed@lista_d1, mode:EDIT
2026-05-03 11:06:47, MOVE, v:1, k:ed@lista_d1, mode:EDIT
2026-05-03 11:07:14, EXEC, v:1, k:ed@lista_d1, mode:FULL, rate:14, size:103
2026-05-03 11:07:55, EXEC, v:1, k:ed@lista_d1, mode:FULL, rate:14, size:104
2026-05-03 11:08:25, EXEC, v:1, k:ed@lista_d1, mode:FULL, rate:14, size:105
2026-05-03 11:09:09, EXEC, v:1, k:ed@lista_d1, mode:FULL, rate:14
2026-05-03 11:11:33, EXEC, v:1, k:ed@lista_d1, mode:FULL, rate:14, size:106
2026-05-03 11:11:19, MOVE, v:1, k:ed@lista_d1, mode:EDIT
2026-05-03 12:05:43, EXEC, v:1, k:ed@lista_d1, mode:FULL, rate:14, size:106
2026-05-03 12:06:28, EXEC, v:1, k:ed@lista_d1, mode:FULL, rate:28, size:106
2026-05-03 12:06:27, MOVE, v:1, k:ed@lista_d1, mode:EDIT
2026-05-03 12:08:27, EXEC, v:1, k:ed@lista_d1, mode:FULL, rate:42, size:110
2026-05-03 12:10:49, EXEC, v:1, k:ed@lista_d1, mode:FULL, rate:57, size:116
2026-05-03 12:11:57, MOVE, v:1, k:ed@lista_d1, mode:EDIT
2026-05-03 12:13:41, MOVE, v:1, k:ed@lista_d1, mode:EDIT
2026-05-03 12:18:53, EXEC, v:1, k:ed@lista_d1, mode:FULL, rate:71, size:127
2026-05-03 12:19:42, MOVE, v:1, k:ed@lista_d1, mode:EDIT
2026-05-03 12:26:02, MOVE, v:1, k:ed@lista_d1, mode:EDIT
2026-05-03 12:45:31, MOVE, v:1, k:ed@lista_d1, mode:EDIT
2026-05-03 12:51:54, EXEC, v:1, k:ed@lista_d1, mode:FULL, rate:71, size:134
2026-05-03 12:50:38, MOVE, v:1, k:ed@lista_d1, mode:EDIT
2026-05-03 12:55:14, EXEC, v:1, k:ed@lista_d1, mode:FULL, rate:71, size:141
2026-05-03 12:57:01, MOVE, v:1, k:ed@lista_d1, mode:EDIT
2026-05-03 12:57:14, EXEC, v:1, k:ed@lista_d1, mode:FULL, rate:100, size:143
2026-05-03 13:02:01, MOVE, v:1, k:ed@lista_d1, mode:EDIT
2026-05-03 13:05:33, EXEC, v:1, k:ed@lista_d1, mode:FULL, rate:100, size:144
2026-05-03 13:05:27, MOVE, v:1, k:ed@lista_d1, mode:EDIT
2026-05-03 13:12:36, MOVE, v:1, k:ed@lista_d1, mode:BACK
2026-05-03 13:15:18, SELF, v:1, k:ed@lista_d1, self:1, rate:100
2026-05-03 13:17:00, MOVE, v:1, k:ed@setbuild, mode:EDIT
2026-05-03 13:21:44, MOVE, v:1, k:ed@setbuild, mode:EDIT
2026-05-03 13:23:25, MOVE, v:1, k:ed@setbuild, mode:PICK
2026-05-03 13:23:26, EXEC, v:1, k:ed@setbuild, mode:FULL, rate:66, size:171
2026-05-03 13:24:08, EXEC, v:1, k:ed@setbuild, mode:FULL, rate:100, size:167
2026-05-03 13:25:36, MOVE, v:1, k:ed@setbuild, mode:BACK
2026-05-03 13:31:04, SELF, v:1, k:ed@manipulacao, self:1, rate:100, study:150, concept:1
2026-05-03 13:30:48, MOVE, v:1, k:ed@manipulacao, mode:EDIT
2026-05-03 13:32:21, MOVE, v:1, k:ed@lista_d2, mode:DOWN
2026-05-03 13:32:25, MOVE, v:1, k:ed@lista_d2, mode:PICK
2026-05-03 13:32:26, EXEC, v:1, k:ed@lista_d2, mode:FULL, rate:0, size:93
2026-05-03 13:35:36, EXEC, v:1, k:ed@lista_d2, mode:FULL, rate:0, size:179
2026-05-03 13:32:21, MOVE, v:1, k:ed@lista_d2, mode:EDIT
2026-05-03 13:32:21, MOVE, v:1, k:ed@lista_d2, mode:EDIT
2026-05-03 13:32:21, MOVE, v:1, k:ed@lista_d2, mode:EDIT
2026-05-03 13:35:34, MOVE, v:1, k:ed@lista_d2, mode:EDIT
2026-05-03 13:41:24, MOVE, v:1, k:ed@lista_d2, mode:EDIT
2026-05-03 13:41:44, MOVE, v:1, k:ed@lista_d2, mode:BACK
2026-05-03 13:42:15, MOVE, v:1, k:ed@lista_d2, mode:PICK
2026-05-03 13:46:02, MOVE, v:1, k:ed@lista_d2, mode:EDIT
2026-05-03 13:51:00, MOVE, v:1, k:ed@lista_d2, mode:EDIT
2026-05-03 13:53:11, EXEC, v:1, k:ed@lista_d2, mode:FULL, rate:0, size:190
2026-05-03 13:55:48, MOVE, v:1, k:ed@lista_d2, mode:EDIT
2026-05-03 14:00:09, EXEC, v:1, k:ed@lista_d2, mode:FULL, rate:0, size:193
2026-05-03 14:01:02, EXEC, v:1, k:ed@lista_d2, mode:FULL, rate:0, size:194
2026-05-03 14:01:24, MOVE, v:1, k:ed@lista_d2, mode:EDIT
2026-05-03 14:01:33, EXEC, v:1, k:ed@lista_d2, mode:FULL, rate:0, size:194
2026-05-03 14:02:48, EXEC, v:1, k:ed@lista_d2, mode:FULL, rate:0, size:198
2026-05-03 14:03:15, EXEC, v:1, k:ed@lista_d2, mode:FULL, rate:20, size:198
2026-05-03 14:03:38, EXEC, v:1, k:ed@lista_d2, mode:FULL, rate:20, size:198
2026-05-03 14:06:27, MOVE, v:1, k:ed@lista_d2, mode:EDIT
2026-05-03 14:07:10, EXEC, v:1, k:ed@lista_d2, mode:FULL, rate:40, size:207
2026-05-03 14:11:27, MOVE, v:1, k:ed@lista_d2, mode:EDIT
2026-05-03 14:13:47, EXEC, v:1, k:ed@lista_d2, mode:FULL, rate:60, size:218
2026-05-03 14:14:56, MOVE, v:1, k:ed@lista_d2, mode:EDIT
2026-05-03 14:18:49, EXEC, v:1, k:ed@lista_d2, mode:FULL, rate:60, size:222
2026-05-03 14:18:39, MOVE, v:1, k:ed@lista_d2, mode:EDIT
2026-05-03 14:26:27, MOVE, v:1, k:ed@lista_d2, mode:EDIT
2026-05-03 14:31:28, MOVE, v:1, k:ed@lista_d2, mode:EDIT
2026-05-03 14:31:35, EXEC, v:1, k:ed@lista_d2, mode:FULL, rate:60, size:231
2026-05-03 14:33:04, EXEC, v:1, k:ed@lista_d2, mode:FULL, rate:60, size:231
2026-05-03 14:36:04, MOVE, v:1, k:ed@lista_d2, mode:EDIT
2026-05-03 14:38:02, EXEC, v:1, k:ed@lista_d2, mode:FULL, rate:60, size:231
2026-05-03 14:38:21, EXEC, v:1, k:ed@lista_d2, mode:FULL, rate:60, size:232
2026-05-03 14:39:37, EXEC, v:1, k:ed@lista_d2, mode:FULL, rate:60, size:233
2026-05-03 14:41:22, EXEC, v:1, k:ed@lista_d2, mode:FULL, rate:60, size:233
2026-05-03 14:41:16, MOVE, v:1, k:ed@lista_d2, mode:EDIT
2026-05-03 14:43:52, EXEC, v:1, k:ed@lista_d2, mode:FULL, rate:80, size:233
2026-05-03 14:46:01, MOVE, v:1, k:ed@lista_d2, mode:EDIT
2026-05-03 14:51:25, MOVE, v:1, k:ed@lista_d2, mode:EDIT
2026-05-03 14:54:15, EXEC, v:1, k:ed@lista_d2, mode:FULL, rate:80, size:245
2026-05-03 14:54:13, MOVE, v:1, k:ed@lista_d2, mode:EDIT
2026-05-03 14:56:49, EXEC, v:1, k:ed@lista_d2, mode:FULL, rate:100, size:245
2026-05-03 14:57:24, MOVE, v:1, k:ed@lista_d2, mode:BACK
2026-05-03 14:57:42, SELF, v:1, k:ed@lista_d2, self:1, rate:100
2026-05-03 15:00:19, MOVE, v:1, k:ed@lista_d4, mode:DOWN
2026-05-03 15:00:21, MOVE, v:1, k:ed@lista_d4, mode:PICK
2026-05-03 15:00:23, EXEC, v:1, k:ed@lista_d4, mode:FULL, rate:0, size:124
2026-05-03 15:00:19, MOVE, v:1, k:ed@lista_d4, mode:EDIT
2026-05-03 15:00:19, MOVE, v:1, k:ed@lista_d4, mode:EDIT
2026-05-03 15:06:48, MOVE, v:1, k:ed@lista_d2, mode:EDIT
2026-05-03 15:12:39, MOVE, v:1, k:ed@lista_d4, mode:EDIT
2026-05-03 15:17:52, MOVE, v:1, k:ed@lista_d4, mode:EDIT
2026-05-03 15:20:27, MOVE, v:1, k:ed@lista_d4, mode:EDIT
2026-05-03 15:24:44, EXEC, v:1, k:ed@lista_d4, mode:FULL, rate:66, size:160
2026-05-03 15:27:45, MOVE, v:1, k:ed@lista_d4, mode:EDIT
2026-05-03 15:50:24, MOVE, v:1, k:ed@lista_d4, mode:BACK
2026-05-03 15:52:52, MOVE, v:1, k:ed@lista_d4, mode:EDIT
2026-05-03 15:53:07, MOVE, v:1, k:ed@lista_d4, mode:PICK
2026-05-03 15:53:08, EXEC, v:1, k:ed@lista_d4, mode:FULL, rate:66, size:161
2026-05-03 15:56:45, EXEC, v:1, k:ed@lista_d4, mode:FULL, rate:66, size:161
2026-05-03 15:57:06, EXEC, v:1, k:ed@lista_d4, mode:FULL, rate:66, size:161
2026-05-03 15:57:24, EXEC, v:1, k:ed@lista_d4, mode:FULL, rate:66, size:161
2026-05-03 15:57:12, MOVE, v:1, k:ed@lista_d4, mode:EDIT
2026-05-03 16:00:01, EXEC, v:1, k:ed@lista_d4, mode:FULL, rate:100, size:160
2026-05-03 16:00:08, EXEC, v:1, k:ed@lista_d4, mode:FULL, rate:100
2026-05-03 16:00:09, EXEC, v:1, k:ed@lista_d4, mode:FULL, rate:100
2026-05-03 16:00:25, MOVE, v:1, k:ed@lista_d4, mode:BACK
2026-05-03 16:00:41, SELF, v:1, k:ed@lista_d4, self:1, rate:100
2026-05-03 16:02:43, MOVE, v:1, k:ed@prin_list1, mode:DOWN
2026-05-03 16:02:49, MOVE, v:1, k:ed@prin_list1, mode:PICK
2026-05-03 16:02:43, MOVE, v:1, k:ed@prin_list1, mode:EDIT
2026-05-03 16:05:01, MOVE, v:1, k:ed@prin_list1, mode:EDIT
2026-05-03 16:02:43, MOVE, v:1, k:ed@prin_list1, mode:EDIT
2026-05-03 16:07:32, EXEC, v:1, k:ed@prin_list1, mode:FULL, rate:0, size:172
2026-05-03 16:10:49, MOVE, v:1, k:ed@prin_list1, mode:EDIT
2026-05-03 16:13:50, EXEC, v:1, k:ed@prin_list1, mode:FULL, rate:0, size:180
2026-05-03 16:14:05, EXEC, v:1, k:ed@prin_list1, mode:FULL, rate:0, size:180
2026-05-03 16:14:03, MOVE, v:1, k:ed@prin_list1, mode:EDIT
2026-05-03 16:20:00, MOVE, v:1, k:ed@prin_list1, mode:EDIT
2026-05-03 16:24:38, EXEC, v:1, k:ed@prin_list1, mode:FULL, rate:0, size:180
2026-05-03 16:25:47, MOVE, v:1, k:ed@prin_list1, mode:EDIT
2026-05-03 16:26:37, EXEC, v:1, k:ed@prin_list1, mode:FULL, rate:0, size:183
2026-05-03 16:27:03, MOVE, v:1, k:ed@prin_list1, mode:BACK
2026-05-03 16:27:53, MOVE, v:1, k:ed@prin_list1, mode:PICK
2026-05-03 16:27:55, EXEC, v:1, k:ed@prin_list1, mode:FULL, rate:0
2026-05-03 16:30:35, EXEC, v:1, k:ed@prin_list1, mode:FULL, rate:0, size:183
2026-05-03 16:30:32, MOVE, v:1, k:ed@prin_list1, mode:EDIT
2026-05-03 16:37:19, EXEC, v:1, k:ed@prin_list1, mode:FULL, rate:0, size:182
2026-05-03 16:37:34, EXEC, v:1, k:ed@prin_list1, mode:FULL, rate:0, size:182
2026-05-03 16:37:33, MOVE, v:1, k:ed@prin_list1, mode:EDIT
2026-05-03 16:43:33, MOVE, v:1, k:ed@prin_list1, mode:EDIT
2026-05-03 16:47:52, MOVE, v:1, k:ed@prin_list1, mode:BACK
2026-05-03 16:48:21, MOVE, v:1, k:ed@prin_list1, mode:PICK
2026-05-03 16:48:22, EXEC, v:1, k:ed@prin_list1, mode:FULL, rate:0
2026-05-03 16:46:14, MOVE, v:1, k:ed@prin_list1, mode:EDIT
2026-05-03 16:55:43, EXEC, v:1, k:ed@prin_list1, mode:FULL, rate:0, size:182
2026-05-03 16:55:40, MOVE, v:1, k:ed@prin_list1, mode:EDIT
2026-05-03 16:58:46, EXEC, v:1, k:ed@prin_list1, mode:FULL, rate:0, size:182
2026-05-03 17:00:44, EXEC, v:1, k:ed@prin_list1, mode:FULL, rate:0, size:182
2026-05-03 17:00:42, MOVE, v:1, k:ed@prin_list1, mode:EDIT
2026-05-03 17:06:18, EXEC, v:1, k:ed@prin_list1, mode:FULL, rate:0, size:179
2026-05-03 17:09:03, EXEC, v:1, k:ed@prin_list1, mode:FULL, rate:0, size:180
2026-05-03 17:10:09, EXEC, v:1, k:ed@prin_list1, mode:FULL, rate:0, size:180
2026-05-03 17:10:08, MOVE, v:1, k:ed@prin_list1, mode:EDIT
2026-05-03 17:11:38, EXEC, v:1, k:ed@prin_list1, mode:FULL, rate:0, size:180
2026-05-03 17:12:29, EXEC, v:1, k:ed@prin_list1, mode:FULL, rate:0, size:180
2026-05-03 17:13:14, EXEC, v:1, k:ed@prin_list1, mode:FULL, rate:0, size:181
2026-05-03 17:13:12, MOVE, v:1, k:ed@prin_list1, mode:EDIT
2026-05-03 17:18:12, EXEC, v:1, k:ed@prin_list1, mode:FULL, rate:0, size:181
2026-05-03 17:19:52, EXEC, v:1, k:ed@prin_list1, mode:FULL, rate:0, size:181
2026-05-03 17:19:51, MOVE, v:1, k:ed@prin_list1, mode:EDIT
2026-05-03 17:23:47, EXEC, v:1, k:ed@prin_list1, mode:FULL, rate:0, size:186
2026-05-03 17:24:44, EXEC, v:1, k:ed@prin_list1, mode:FULL, rate:0, size:186
2026-05-03 17:24:42, MOVE, v:1, k:ed@prin_list1, mode:EDIT
2026-05-03 17:26:34, EXEC, v:1, k:ed@prin_list1, mode:FULL, rate:0, size:186
2026-05-03 17:27:30, EXEC, v:1, k:ed@prin_list1, mode:FULL, rate:0, size:186
2026-05-03 17:27:48, EXEC, v:1, k:ed@prin_list1, mode:FULL, rate:100, size:182
2026-05-03 17:28:14, MOVE, v:1, k:ed@prin_list1, mode:BACK
2026-05-03 17:28:24, SELF, v:1, k:ed@prin_list1, self:1, rate:100
