2026-05-25 16:08:07, MOVE, v:1, k:ed@mdc, mode:PICK
2026-05-25 16:08:11, EXEC, v:1, k:ed@mdc, mode:FULL, size:15, fail:COMP
2026-05-25 16:12:01, EXEC, v:1, k:ed@mdc, mode:FULL, fail:COMP
2026-05-25 16:12:02, EXEC, v:1, k:ed@mdc, mode:FULL, fail:COMP
2026-05-25 16:12:02, EXEC, v:1, k:ed@mdc, mode:FULL, fail:COMP
2026-05-25 16:12:03, EXEC, v:1, k:ed@mdc, mode:FULL, fail:COMP
2026-05-25 16:12:03, EXEC, v:1, k:ed@mdc, mode:FULL, fail:COMP
2026-05-25 16:12:03, EXEC, v:1, k:ed@mdc, mode:FULL, fail:COMP
2026-05-25 16:12:03, EXEC, v:1, k:ed@mdc, mode:FULL, fail:COMP
2026-05-25 16:12:04, EXEC, v:1, k:ed@mdc, mode:FULL, fail:COMP
2026-05-25 16:12:04, EXEC, v:1, k:ed@mdc, mode:FULL, fail:COMP
2026-05-25 16:12:08, MOVE, v:1, k:ed@mdc, mode:BACK
2026-05-25 16:12:09, MOVE, v:1, k:ed@mdc, mode:PICK
2026-05-25 16:12:10, EXEC, v:1, k:ed@mdc, mode:FULL, fail:COMP
2026-05-25 16:40:11, MOVE, v:1, k:ed@mdc, mode:PICK
2026-05-25 16:40:17, EXEC, v:1, k:ed@mdc, mode:FULL, rate:0
2026-05-25 16:50:01, MOVE, v:1, k:ed@mdc, mode:EDIT
2026-05-25 16:54:07, EXEC, v:1, k:ed@mdc, mode:FULL, rate:100, size:24
2026-05-25 16:54:23, MOVE, v:1, k:ed@mdc, mode:BACK
2026-05-25 16:55:23, SELF, v:1, k:ed@mdc, self:1, rate:100, concept:1
2026-05-25 16:56:40, SELF, v:1, k:ed@recursao, self:1, rate:100
2026-05-25 16:57:25, SELF, v:1, k:ed@analise, self:1, rate:100
2026-05-25 16:57:53, MOVE, v:1, k:ed@fractais_png, mode:PICK
2026-05-25 16:57:56, MOVE, v:1, k:ed@fractais_png, mode:BACK
2026-05-25 16:58:17, SELF, v:1, k:ed@fractais_png, self:1, rate:100, concept:1
2026-05-25 16:58:19, MOVE, v:1, k:ed@fractais_png, mode:PICK
2026-05-25 16:58:51, EXEC, v:1, k:ed@fractais_png, mode:LOCK, rate:0
2026-05-25 16:58:51, MOVE, v:1, k:ed@fractais_png, mode:BACK
2026-05-25 16:58:59, MOVE, v:1, k:ed@fractais_png, mode:PICK
2026-05-25 16:59:00, EXEC, v:1, k:ed@fractais_png, mode:LOCK, rate:0
