2026-07-04 17:34:56, MOVE, v:1, k:ed@eh_primo, mode:DOWN
2026-07-04 17:35:29, MOVE, v:1, k:ed@eh_primo, mode:PICK
2026-07-04 17:34:56, MOVE, v:1, k:ed@eh_primo, mode:EDIT
2026-07-04 17:34:56, MOVE, v:1, k:ed@eh_primo, mode:EDIT
2026-07-04 17:42:06, MOVE, v:1, k:ed@eh_primo, mode:EDIT
2026-07-04 17:44:30, EXEC, v:1, k:ed@eh_primo, mode:FULL, rate:100, size:22
2026-07-04 17:44:40, MOVE, v:1, k:ed@eh_primo, mode:BACK
2026-07-04 17:44:58, SELF, v:1, k:ed@eh_primo, self:1, rate:100
2026-07-04 17:46:01, MOVE, v:1, k:ed@bufferring, mode:DOWN
2026-07-04 17:44:15, MOVE, v:1, k:ed@eh_primo, mode:EDIT
2026-07-04 17:46:01, MOVE, v:1, k:ed@bufferring, mode:EDIT
2026-07-04 17:46:01, MOVE, v:1, k:ed@bufferring, mode:EDIT
2026-07-04 17:52:07, MOVE, v:1, k:ed@bufferring, mode:EDIT
2026-07-04 17:55:22, MOVE, v:1, k:ed@bufferring, mode:EDIT
2026-07-04 18:02:07, MOVE, v:1, k:ed@bufferring, mode:EDIT
2026-07-04 18:02:20, MOVE, v:1, k:ed@bufferring, mode:PICK
2026-07-04 18:02:24, EXEC, v:1, k:ed@bufferring, mode:FULL, rate:0, size:132
2026-07-04 18:04:13, EXEC, v:1, k:ed@bufferring, mode:FULL, size:132, fail:COMP
2026-07-04 18:04:31, EXEC, v:1, k:ed@bufferring, mode:FULL, size:134, fail:COMP
2026-07-04 18:05:14, EXEC, v:1, k:ed@bufferring, mode:FULL, rate:0, size:134
2026-07-04 18:05:12, MOVE, v:1, k:ed@bufferring, mode:EDIT
2026-07-04 18:08:25, EXEC, v:1, k:ed@bufferring, mode:FULL, rate:0, size:134
2026-07-04 18:08:25, EXEC, v:1, k:ed@bufferring, mode:FULL, rate:0, size:134
2026-07-04 18:09:41, EXEC, v:1, k:ed@bufferring, mode:FULL, rate:0, size:133
2026-07-04 18:12:06, MOVE, v:1, k:ed@bufferring, mode:EDIT
2026-07-04 18:16:08, EXEC, v:1, k:ed@bufferring, mode:FULL, rate:16, size:145
2026-07-04 18:17:05, MOVE, v:1, k:ed@bufferring, mode:EDIT
2026-07-04 18:19:04, EXEC, v:1, k:ed@bufferring, mode:FULL, rate:16, size:152
2026-07-04 18:22:07, MOVE, v:1, k:ed@bufferring, mode:EDIT
2026-07-04 18:24:30, EXEC, v:1, k:ed@bufferring, mode:FULL, rate:16, size:158
2026-07-04 18:26:40, EXEC, v:1, k:ed@bufferring, mode:FULL, rate:16, size:159
2026-07-04 18:27:08, MOVE, v:1, k:ed@bufferring, mode:EDIT
2026-07-04 18:29:36, EXEC, v:1, k:ed@bufferring, mode:FULL, rate:16, size:160
2026-07-04 18:29:35, MOVE, v:1, k:ed@bufferring, mode:EDIT
2026-07-04 18:35:18, EXEC, v:1, k:ed@bufferring, mode:FULL, rate:16, size:161
2026-07-04 18:35:10, MOVE, v:1, k:ed@bufferring, mode:EDIT
2026-07-04 18:42:14, EXEC, v:1, k:ed@bufferring, mode:FULL, rate:33, size:161
2026-07-04 18:42:15, EXEC, v:1, k:ed@bufferring, mode:FULL, rate:33
2026-07-04 18:42:34, EXEC, v:1, k:ed@bufferring, mode:FULL, rate:33, size:161
2026-07-04 18:44:01, EXEC, v:1, k:ed@bufferring, mode:FULL, rate:50, size:166
2026-07-04 18:44:25, MOVE, v:1, k:ed@bufferring, mode:PICK
2026-07-04 18:44:28, EXEC, v:1, k:ed@bufferring, mode:FULL, rate:50
2026-07-04 18:44:45, EXEC, v:1, k:ed@bufferring, mode:FULL, rate:66, size:166
2026-07-04 18:44:45, EXEC, v:1, k:ed@bufferring, mode:FULL, rate:66, size:166
2026-07-04 18:46:48, EXEC, v:1, k:ed@bufferring, mode:FULL, rate:66, size:174
2026-07-04 18:47:48, EXEC, v:1, k:ed@bufferring, mode:FULL, rate:66, size:174
2026-07-04 18:48:10, EXEC, v:1, k:ed@bufferring, mode:FULL, rate:83, size:174
2026-07-04 18:49:21, MOVE, v:1, k:ed@bufferring, mode:EDIT
2026-07-04 18:51:50, EXEC, v:1, k:ed@bufferring, mode:FULL, size:181, fail:COMP
2026-07-04 18:51:59, EXEC, v:1, k:ed@bufferring, mode:FULL, rate:83, size:181
2026-07-04 18:54:11, EXEC, v:1, k:ed@bufferring, mode:FULL, rate:100, size:189
2026-07-04 18:54:07, MOVE, v:1, k:ed@bufferring, mode:EDIT
2026-07-04 18:54:31, MOVE, v:1, k:ed@bufferring, mode:BACK
2026-07-04 18:54:38, SELF, v:1, k:ed@bufferring, self:1, rate:100
2026-07-04 18:56:03, MOVE, v:1, k:ed@bufferring, mode:PICK
2026-07-04 18:56:05, EXEC, v:1, k:ed@bufferring, mode:FULL, rate:100
2026-07-04 18:56:06, MOVE, v:1, k:ed@bufferring, mode:BACK
2026-07-04 18:56:13, SELF, v:1, k:ed@bufferring, self:1, rate:100
2026-07-04 18:56:30, MOVE, v:1, k:ed@queimando, mode:DOWN
2026-07-04 18:56:34, MOVE, v:1, k:ed@queimando, mode:PICK
2026-07-04 18:56:34, EXEC, v:1, k:ed@queimando, mode:FULL, size:77, fail:COMP
2026-07-04 18:56:41, MOVE, v:1, k:ed@queimando, mode:BACK
2026-07-04 18:58:05, MOVE, v:1, k:ed@queimando, mode:PICK
2026-07-04 19:00:13, MOVE, v:1, k:ed@queimando, mode:BACK
2026-07-04 19:26:55, MOVE, v:1, k:ed@queimando, mode:EDIT
2026-07-04 19:31:23, MOVE, v:1, k:ed@queimando, mode:EDIT
2026-07-04 19:35:19, MOVE, v:1, k:ed@queimando, mode:PICK
2026-07-04 19:35:20, EXEC, v:1, k:ed@queimando, mode:FULL, rate:100, size:92
2026-07-04 19:35:27, MOVE, v:1, k:ed@queimando, mode:BACK
2026-07-04 19:35:33, SELF, v:1, k:ed@queimando, self:1, rate:100
2026-07-04 19:35:53, MOVE, v:1, k:ed@wordsearch, mode:PICK
2026-07-04 19:34:57, MOVE, v:1, k:ed@queimando, mode:EDIT
2026-07-04 19:41:51, MOVE, v:1, k:ed@wordsearch, mode:EDIT
2026-07-04 19:46:55, MOVE, v:1, k:ed@wordsearch, mode:EDIT
2026-07-04 19:51:51, MOVE, v:1, k:ed@wordsearch, mode:EDIT
2026-07-04 19:56:58, MOVE, v:1, k:ed@wordsearch, mode:EDIT
2026-07-04 19:57:09, EXEC, v:1, k:ed@wordsearch, mode:FULL, size:91, fail:COMP
2026-07-04 19:57:37, EXEC, v:1, k:ed@wordsearch, mode:FULL, rate:100, size:93
2026-07-04 19:57:49, MOVE, v:1, k:ed@wordsearch, mode:BACK
2026-07-04 19:58:14, SELF, v:1, k:ed@wordsearch, self:1, rate:100
